projects/amazon-trend-analyzer/qb_chunks/page_494_skip494000.csv
ASIN Buyability Flag,asin_status,CVR%,revenue,asp,units,gv,Images #,Videos #,Has A+ Content,Buybox Winner,Average Rating,Number of Ratings,bb_price,Ad CTR%,Ad CVR%,bsr,brand,Ad CPC$,ASIN (Description),Update Type,Sold By Amazon,Has Coupon?,Has Store Link?,In Stock Today?,category,Sellable On Hand Units,asin,date,Ad Cost,Ad Sales,Ad Clicks,Ad Impressions,Ad Conversions
In Stock,ACTIVE,0.889,815.0,7.84,104.0,117.0,6.0,0.0,True,,4.7,977.0,7.83,,,6.0,Glad,,"B0CK8PGTHB (Glad - Plastic Forks, 70ct - Clear)",[],True,False,True,True,Disposable Tabletop,13796.0,B0CK8PGTHB,2025-07-19,,,,,
In Stock,ACTIVE,1.03,1073.0,7.83,137.0,133.0,6.0,0.0,True,,4.7,976.0,7.84,,,6.0,Glad,,"B0CK8PGTHB (Glad - Plastic Forks, 70ct - Clear)",[],True,False,True,True,Disposable Tabletop,13917.0,B0CK8PGTHB,2025-07-18,,,,,
In Stock,ACTIVE,0.9890000000000001,1449.0,7.83,185.0,187.0,6.0,0.0,True,,4.7,974.0,7.87,,,5.0,Glad,,"B0CK8PGTHB (Glad - Plastic Forks, 70ct - Clear)",[],True,False,True,True,Disposable Tabletop,14052.0,B0CK8PGTHB,2025-07-17,,,,,
In Stock,ACTIVE,1.128,1667.0,7.87,212.0,188.0,6.0,0.0,True,,4.7,972.0,7.87,,,5.0,Glad,,"B0CK8PGTHB (Glad - Plastic Forks, 70ct - Clear)",[],True,False,True,True,Disposable Tabletop,14211.0,B0CK8PGTHB,2025-07-16,,,,,
In Stock,ACTIVE,1.014,1770.0,7.86,225.0,222.0,6.0,0.0,True,,4.7,970.0,7.89,,,5.0,Glad,,"B0CK8PGTHB (Glad - Plastic Forks, 70ct - Clear)",[],True,False,True,True,Disposable Tabletop,14465.0,B0CK8PGTHB,2025-07-15,,,,,
In Stock,ACTIVE,1.155,1822.0,7.89,231.0,200.0,6.0,0.0,True,,4.7,968.0,7.88,,,6.0,Glad,,"B0CK8PGTHB (Glad - Plastic Forks, 70ct - Clear)",[],True,False,True,True,Disposable Tabletop,14714.0,B0CK8PGTHB,2025-07-14,,,,,
In Stock,ACTIVE,0.7929999999999999,1300.0,7.88,165.0,208.0,6.0,0.0,True,,4.7,966.0,7.86,,,6.0,Glad,,"B0CK8PGTHB (Glad - Plastic Forks, 70ct - Clear)",[],True,False,True,True,Disposable Tabletop,14772.0,B0CK8PGTHB,2025-07-13,,,,,
In Stock,ACTIVE,0.687,967.0,7.86,123.0,179.0,6.0,0.0,True,,4.7,964.0,7.88,,,6.0,Glad,,"B0CK8PGTHB (Glad - Plastic Forks, 70ct - Clear)",[],True,False,True,True,Disposable Tabletop,14931.0,B0CK8PGTHB,2025-07-12,,,,,
In Stock,ACTIVE,1.058,1008.0,7.87,128.0,121.0,6.0,0.0,True,,4.7,962.0,7.86,,,6.0,Glad,,"B0CK8PGTHB (Glad - Plastic Forks, 70ct - Clear)",[],True,False,True,True,Disposable Tabletop,14989.0,B0CK8PGTHB,2025-07-11,,,,,
In Stock,ACTIVE,0.8029999999999999,1093.0,7.87,139.0,173.0,6.0,0.0,True,,4.7,959.0,7.88,,,6.0,Glad,,"B0CK8PGTHB (Glad - Plastic Forks, 70ct - Clear)",[],True,False,True,True,Disposable Tabletop,14940.0,B0CK8PGTHB,2025-07-10,,,,,
In Stock,ACTIVE,0.938,1433.0,7.88,182.0,194.0,6.0,0.0,True,,4.7,957.0,7.87,,,5.0,Glad,,"B0CK8PGTHB (Glad - Plastic Forks, 70ct - Clear)",[],True,False,True,True,Disposable Tabletop,14920.0,B0CK8PGTHB,2025-07-09,,,,,
In Stock,ACTIVE,0.894,1400.0,7.87,178.0,199.0,6.0,0.0,True,,4.7,956.0,7.91,0.0,,4.0,Glad,,"B0CK8PGTHB (Glad - Plastic Forks, 70ct - Clear)",[],True,False,True,True,Disposable Tabletop,14834.0,B0CK8PGTHB,2025-07-08,0.0,0.0,0.0,519.0,0.0
In Stock,ACTIVE,0.78,1344.0,7.9,170.0,218.0,6.0,0.0,True,,4.7,956.0,7.81,,,4.0,Glad,,"B0CK8PGTHB (Glad - Plastic Forks, 70ct - Clear)",[],True,False,True,True,Disposable Tabletop,14643.0,B0CK8PGTHB,2025-07-07,,,,,
In Stock,ACTIVE,0.755,891.0,7.82,114.0,151.0,6.0,0.0,True,,4.7,954.0,7.82,,,4.0,Glad,,"B0CK8PGTHB (Glad - Plastic Forks, 70ct - Clear)",[],True,False,True,True,Disposable Tabletop,14783.0,B0CK8PGTHB,2025-07-06,,,,,
In Stock,ACTIVE,0.643,722.0,7.84,92.0,143.0,6.0,0.0,True,,4.7,952.0,7.84,,,4.0,Glad,,"B0CK8PGTHB (Glad - Plastic Forks, 70ct - Clear)",[],True,False,True,True,Disposable Tabletop,14827.0,B0CK8PGTHB,2025-07-05,,,,,
In Stock,ACTIVE,0.696,810.0,7.86,103.0,148.0,6.0,0.0,True,,4.7,950.0,7.89,,,4.0,Glad,,"B0CK8PGTHB (Glad - Plastic Forks, 70ct - Clear)",[],True,False,True,True,Disposable Tabletop,14649.0,B0CK8PGTHB,2025-07-04,,,,,
In Stock,ACTIVE,1.054,1539.0,7.89,195.0,185.0,6.0,0.0,True,,4.7,949.0,7.91,,,4.0,Glad,,"B0CK8PGTHB (Glad - Plastic Forks, 70ct - Clear)",[],True,False,True,True,Disposable Tabletop,13977.0,B0CK8PGTHB,2025-07-03,,,,,
In Stock,ACTIVE,0.992,2029.0,7.92,256.0,258.0,6.0,0.0,True,,4.7,948.0,7.88,,,4.0,Glad,,"B0CK8PGTHB (Glad - Plastic Forks, 70ct - Clear)",[],True,False,True,True,Disposable Tabletop,13710.0,B0CK8PGTHB,2025-07-02,,,,,
In Stock,ACTIVE,0.77,1684.0,7.87,214.0,278.0,6.0,0.0,True,,4.7,944.0,7.95,,,4.0,Glad,,"B0CK8PGTHB (Glad - Plastic Forks, 70ct - Clear)",[],True,False,True,True,Disposable Tabletop,13982.0,B0CK8PGTHB,2025-07-01,,,,,
In Stock,ACTIVE,0.8909999999999999,1559.0,7.95,196.0,220.0,6.0,0.0,True,,4.7,940.0,7.96,,,4.0,Glad,,"B0CK8PGTHB (Glad - Plastic Forks, 70ct - Clear)",[],True,False,True,True,Disposable Tabletop,14561.0,B0CK8PGTHB,2025-06-30,,,,,
In Stock,ACTIVE,0.736,1043.0,7.96,131.0,178.0,6.0,0.0,True,,4.7,939.0,7.91,,,4.0,Glad,,"B0CK8PGTHB (Glad - Plastic Forks, 70ct - Clear)",[],True,False,True,True,Disposable Tabletop,14844.0,B0CK8PGTHB,2025-06-29,,,,,
In Stock,ACTIVE,0.691,957.0,7.91,121.0,175.0,6.0,0.0,True,,4.7,939.0,7.91,,,4.0,Glad,,"B0CK8PGTHB (Glad - Plastic Forks, 70ct - Clear)",[],True,False,True,True,Disposable Tabletop,15119.0,B0CK8PGTHB,2025-06-28,,,,,
In Stock,ACTIVE,0.8240000000000001,1040.0,7.94,131.0,159.0,6.0,0.0,True,,4.7,937.0,7.91,,,4.0,Glad,,"B0CK8PGTHB (Glad - Plastic Forks, 70ct - Clear)",[],True,False,True,True,Disposable Tabletop,14790.0,B0CK8PGTHB,2025-06-27,,,,,
In Stock,ACTIVE,0.84,1223.0,7.5,163.0,194.0,6.0,0.0,True,,4.7,936.0,6.59,,,4.0,Glad,,"B0CK8PGTHB (Glad - Plastic Forks, 70ct - Clear)",[],True,False,True,True,Disposable Tabletop,13952.0,B0CK8PGTHB,2025-06-26,,,,,
In Stock,ACTIVE,0.904,1298.0,6.59,197.0,218.0,6.0,0.0,True,,4.7,933.0,6.59,,,3.0,Glad,,"B0CK8PGTHB (Glad - Plastic Forks, 70ct - Clear)",[],True,False,True,True,Disposable Tabletop,14019.0,B0CK8PGTHB,2025-06-25,,,,,
In Stock,ACTIVE,1.042,1798.0,6.58,273.0,262.0,6.0,0.0,True,,4.7,929.0,6.59,,,3.0,Glad,,"B0CK8PGTHB (Glad - Plastic Forks, 70ct - Clear)",[],True,False,True,True,Disposable Tabletop,14072.0,B0CK8PGTHB,2025-06-24,,,,,
In Stock,ACTIVE,0.87,1896.0,6.58,288.0,331.0,6.0,2.0,True,,4.7,925.0,6.59,,,4.0,Glad,,"B0CK8PGTHB (Glad - Plastic Forks, 70ct - Clear)",[],True,False,True,True,Disposable Tabletop,13728.0,B0CK8PGTHB,2025-06-23,,,,,
In Stock,ACTIVE,0.741,1417.0,6.59,215.0,290.0,6.0,2.0,True,,4.7,925.0,6.59,,,4.0,Glad,,"B0CK8PGTHB (Glad - Plastic Forks, 70ct - Clear)",[],True,False,True,True,Disposable Tabletop,13106.0,B0CK8PGTHB,2025-06-22,,,,,
In Stock,ACTIVE,0.66,1016.0,6.56,155.0,235.0,6.0,2.0,True,,4.7,916.0,6.02,,,4.0,Glad,,"B0CK8PGTHB (Glad - Plastic Forks, 70ct - Clear)",[],True,False,True,True,Disposable Tabletop,13415.0,B0CK8PGTHB,2025-06-21,,,,,
In Stock,ACTIVE,0.9129999999999999,1376.0,6.52,211.0,231.0,6.0,2.0,True,,4.7,905.0,6.59,0.03225806451612903,0.0,4.0,Glad,0.755,"B0CK8PGTHB (Glad - Plastic Forks, 70ct - Clear)",[],True,False,True,True,Disposable Tabletop,13315.0,B0CK8PGTHB,2025-06-20,1.51,0.0,2.0,62.0,0.0
In Stock,ACTIVE,0.955,1673.0,6.59,254.0,266.0,6.0,2.0,True,,4.7,898.0,6.59,,,4.0,Glad,,"B0CK8PGTHB (Glad - Plastic Forks, 70ct - Clear)",[],True,False,True,True,Disposable Tabletop,12935.0,B0CK8PGTHB,2025-06-19,,,,,
In Stock,ACTIVE,1.076,2048.0,6.59,311.0,289.0,6.0,2.0,True,,4.7,896.0,6.59,,,4.0,Glad,,"B0CK8PGTHB (Glad - Plastic Forks, 70ct - Clear)",[],True,False,True,True,Disposable Tabletop,13157.0,B0CK8PGTHB,2025-06-18,,,,,
In Stock,ACTIVE,0.9059999999999999,1706.0,6.59,259.0,286.0,6.0,2.0,True,,4.7,894.0,6.59,,,4.0,Glad,,"B0CK8PGTHB (Glad - Plastic Forks, 70ct - Clear)",[],True,False,True,True,Disposable Tabletop,12755.0,B0CK8PGTHB,2025-06-17,,,,,
In Stock,ACTIVE,1.017,1917.0,6.59,291.0,286.0,6.0,0.0,False,,4.7,890.0,6.59,,,4.0,Glad,,"B0CK8PGTHB (Glad - Plastic Forks, 70ct - Clear)",[],True,False,True,True,Disposable Tabletop,12505.0,B0CK8PGTHB,2025-06-16,,,,,
In Stock,ACTIVE,0.732,1351.0,6.59,205.0,280.0,6.0,2.0,True,,4.7,885.0,6.59,,,4.0,Glad,,"B0CK8PGTHB (Glad - Plastic Forks, 70ct - Clear)",[],True,False,True,True,Disposable Tabletop,12978.0,B0CK8PGTHB,2025-06-15,,,,,
In Stock,ACTIVE,0.81,1239.0,6.59,188.0,232.0,6.0,2.0,True,,4.7,878.0,6.59,,,4.0,Glad,,"B0CK8PGTHB (Glad - Plastic Forks, 70ct - Clear)",[],True,False,True,True,Disposable Tabletop,12187.0,B0CK8PGTHB,2025-06-14,,,,,
In Stock,ACTIVE,1.029,1653.0,6.59,251.0,244.0,6.0,2.0,True,,4.7,875.0,6.59,,,4.0,Glad,,"B0CK8PGTHB (Glad - Plastic Forks, 70ct - Clear)",[],True,False,True,True,Disposable Tabletop,11228.0,B0CK8PGTHB,2025-06-13,,,,,
In Stock,ACTIVE,1.061,1594.0,6.59,242.0,228.0,6.0,2.0,True,,4.7,867.0,6.59,,,4.0,Glad,,"B0CK8PGTHB (Glad - Plastic Forks, 70ct - Clear)",[],True,False,True,True,Disposable Tabletop,12177.0,B0CK8PGTHB,2025-06-12,,,,,
In Stock,ACTIVE,0.828,1620.0,6.59,246.0,297.0,6.0,2.0,True,,4.7,864.0,6.59,,,4.0,Glad,,"B0CK8PGTHB (Glad - Plastic Forks, 70ct - Clear)",[],True,False,True,True,Disposable Tabletop,11351.0,B0CK8PGTHB,2025-06-11,,,,,
In Stock,ACTIVE,0.7440000000000001,1588.0,6.59,241.0,324.0,6.0,2.0,True,,4.7,859.0,6.59,,,4.0,Glad,,"B0CK8PGTHB (Glad - Plastic Forks, 70ct - Clear)",[],True,False,True,True,Disposable Tabletop,12358.0,B0CK8PGTHB,2025-06-10,,,,,
In Stock,ACTIVE,0.9359999999999999,2022.0,6.59,307.0,328.0,6.0,2.0,True,,4.7,858.0,6.59,,,4.0,Glad,,"B0CK8PGTHB (Glad - Plastic Forks, 70ct - Clear)",[],True,False,True,True,Disposable Tabletop,11357.0,B0CK8PGTHB,2025-06-09,,,,,
In Stock,ACTIVE,0.7,1430.0,6.59,217.0,310.0,6.0,2.0,True,,4.7,849.0,6.59,,,4.0,Glad,,"B0CK8PGTHB (Glad - Plastic Forks, 70ct - Clear)",[],True,False,True,True,Disposable Tabletop,11636.0,B0CK8PGTHB,2025-06-08,,,,,
In Stock,ACTIVE,0.662,1252.0,6.59,190.0,287.0,6.0,2.0,True,,4.7,843.0,6.59,,,4.0,Glad,,"B0CK8PGTHB (Glad - Plastic Forks, 70ct - Clear)",[],True,False,True,True,Disposable Tabletop,10976.0,B0CK8PGTHB,2025-06-07,,,,,
In Stock,ACTIVE,0.8809999999999999,1614.0,6.59,245.0,278.0,6.0,2.0,True,,4.7,833.0,6.59,0.0,,4.0,Glad,,"B0CK8PGTHB (Glad - Plastic Forks, 70ct - Clear)",[],True,False,True,True,Disposable Tabletop,12126.0,B0CK8PGTHB,2025-06-06,0.0,0.0,0.0,12.0,0.0
In Stock,ACTIVE,0.8909999999999999,1779.0,6.59,270.0,303.0,6.0,2.0,True,,4.7,822.0,6.59,,,4.0,Glad,,"B0CK8PGTHB (Glad - Plastic Forks, 70ct - Clear)",[],True,False,True,True,Disposable Tabletop,12312.0,B0CK8PGTHB,2025-06-05,,,,,
In Stock,ACTIVE,0.885,1824.0,6.59,277.0,313.0,6.0,2.0,True,,4.7,807.0,6.59,,,4.0,Glad,,"B0CK8PGTHB (Glad - Plastic Forks, 70ct - Clear)",[],True,False,True,True,Disposable Tabletop,10310.0,B0CK8PGTHB,2025-06-03,,,,,
In Stock,ACTIVE,0.99,1983.0,6.59,301.0,304.0,6.0,2.0,True,,4.7,804.0,6.59,,,4.0,Glad,,"B0CK8PGTHB (Glad - Plastic Forks, 70ct - Clear)",[],True,False,True,True,Disposable Tabletop,10666.0,B0CK8PGTHB,2025-06-02,,,,,
In Stock,ACTIVE,0.8420000000000001,1542.0,6.59,234.0,278.0,6.0,2.0,True,,4.7,802.0,6.59,,,3.0,Glad,,"B0CK8PGTHB (Glad - Plastic Forks, 70ct - Clear)",[],True,False,True,True,Disposable Tabletop,9968.0,B0CK8PGTHB,2025-06-01,,,,,
In Stock,ACTIVE,0.74,1048.0,6.59,159.0,215.0,6.0,2.0,True,,4.7,801.0,6.59,,,3.0,Glad,,"B0CK8PGTHB (Glad - Plastic Forks, 70ct - Clear)",[],True,False,True,True,Disposable Tabletop,10352.0,B0CK8PGTHB,2025-05-31,,,,,
In Stock,ACTIVE,0.8540000000000001,1619.0,6.61,245.0,287.0,6.0,2.0,True,,4.7,795.0,6.59,,,3.0,Glad,,"B0CK8PGTHB (Glad - Plastic Forks, 70ct - Clear)",[],True,False,True,True,Disposable Tabletop,9242.0,B0CK8PGTHB,2025-05-30,,,,,
In Stock,ACTIVE,0.934,2226.0,6.59,338.0,362.0,6.0,2.0,True,,4.7,794.0,6.59,,,3.0,Glad,,"B0CK8PGTHB (Glad - Plastic Forks, 70ct - Clear)",[],True,False,True,True,Disposable Tabletop,9868.0,B0CK8PGTHB,2025-05-29,,,,,
In Stock,ACTIVE,1.099,2844.0,6.58,432.0,393.0,6.0,2.0,True,,4.7,791.0,6.59,,,3.0,Glad,,"B0CK8PGTHB (Glad - Plastic Forks, 70ct - Clear)",[],True,False,True,True,Disposable Tabletop,9798.0,B0CK8PGTHB,2025-05-28,,,,,
In Stock,ACTIVE,1.015,2285.0,6.58,347.0,342.0,6.0,2.0,True,,4.7,786.0,6.59,,,3.0,Glad,,"B0CK8PGTHB (Glad - Plastic Forks, 70ct - Clear)",[],True,False,True,True,Disposable Tabletop,10140.0,B0CK8PGTHB,2025-05-27,,,,,
In Stock,ACTIVE,0.899,2168.0,6.59,329.0,366.0,6.0,2.0,True,,4.7,783.0,6.59,,,3.0,Glad,,"B0CK8PGTHB (Glad - Plastic Forks, 70ct - Clear)",[],True,False,True,True,Disposable Tabletop,9008.0,B0CK8PGTHB,2025-05-26,,,,,
In Stock,ACTIVE,0.782,1608.0,6.59,244.0,312.0,6.0,2.0,True,,4.7,779.0,6.59,,,3.0,Glad,,"B0CK8PGTHB (Glad - Plastic Forks, 70ct - Clear)",[],True,False,True,True,Disposable Tabletop,9334.0,B0CK8PGTHB,2025-05-25,,,,,
In Stock,ACTIVE,0.879,1871.0,6.59,284.0,323.0,6.0,2.0,True,,4.7,777.0,6.59,,,3.0,Glad,,"B0CK8PGTHB (Glad - Plastic Forks, 70ct - Clear)",[],True,False,True,True,Disposable Tabletop,10363.0,B0CK8PGTHB,2025-05-24,,,,,
In Stock,ACTIVE,1.127,2227.0,6.59,338.0,300.0,6.0,2.0,True,,4.7,774.0,6.59,,,3.0,Glad,,"B0CK8PGTHB (Glad - Plastic Forks, 70ct - Clear)",[],True,False,True,True,Disposable Tabletop,8642.0,B0CK8PGTHB,2025-05-23,0.0,0.0,0.0,0.0,0.0
In Stock,ACTIVE,1.014,2845.0,6.59,432.0,426.0,6.0,2.0,True,,4.7,769.0,6.59,,,3.0,Glad,,"B0CK8PGTHB (Glad - Plastic Forks, 70ct - Clear)",[],True,False,True,True,Disposable Tabletop,8844.0,B0CK8PGTHB,2025-05-22,,,,,
In Stock,ACTIVE,1.144,3188.0,6.59,484.0,423.0,6.0,2.0,True,,4.7,766.0,6.59,,,3.0,Glad,,"B0CK8PGTHB (Glad - Plastic Forks, 70ct - Clear)",[],True,False,True,True,Disposable Tabletop,8970.0,B0CK8PGTHB,2025-05-21,0.0,0.0,0.0,0.0,0.0
In Stock,ACTIVE,1.062,3029.0,6.59,460.0,433.0,6.0,2.0,True,,4.7,762.0,6.59,,,3.0,Glad,,"B0CK8PGTHB (Glad - Plastic Forks, 70ct - Clear)",[],True,False,True,True,Disposable Tabletop,8997.0,B0CK8PGTHB,2025-05-20,,,,,
In Stock,ACTIVE,1.143,3372.0,6.59,512.0,448.0,6.0,2.0,True,,4.7,758.0,6.59,,,3.0,Glad,,"B0CK8PGTHB (Glad - Plastic Forks, 70ct - Clear)",[],True,False,True,True,Disposable Tabletop,8566.0,B0CK8PGTHB,2025-05-19,0.0,0.0,0.0,0.0,0.0
In Stock,ACTIVE,1.073,2425.0,6.59,368.0,343.0,6.0,2.0,True,,4.7,757.0,6.59,,,3.0,Glad,,"B0CK8PGTHB (Glad - Plastic Forks, 70ct - Clear)",[],True,False,True,True,Disposable Tabletop,9523.0,B0CK8PGTHB,2025-05-18,,,,,
In Stock,ACTIVE,0.937,2049.0,6.59,311.0,332.0,6.0,2.0,True,,4.7,753.0,6.59,,,3.0,Glad,,"B0CK8PGTHB (Glad - Plastic Forks, 70ct - Clear)",[],True,False,True,True,Disposable Tabletop,9343.0,B0CK8PGTHB,2025-05-17,,,,,
In Stock,ACTIVE,1.182,2483.0,6.59,377.0,319.0,6.0,2.0,True,,4.7,751.0,6.59,,,3.0,Glad,,"B0CK8PGTHB (Glad - Plastic Forks, 70ct - Clear)",[],True,False,True,True,Disposable Tabletop,8793.0,B0CK8PGTHB,2025-05-16,,,,,
In Stock,ACTIVE,1.158,3136.0,6.59,476.0,411.0,6.0,2.0,True,,4.7,749.0,6.59,,,3.0,Glad,,"B0CK8PGTHB (Glad - Plastic Forks, 70ct - Clear)",[],True,False,True,True,Disposable Tabletop,8830.0,B0CK8PGTHB,2025-05-15,,,,,
In Stock,ACTIVE,1.054,2964.0,6.59,450.0,427.0,6.0,2.0,True,,4.7,748.0,6.59,,,3.0,Glad,,"B0CK8PGTHB (Glad - Plastic Forks, 70ct - Clear)",[],True,False,True,True,Disposable Tabletop,9869.0,B0CK8PGTHB,2025-05-14,0.0,0.0,0.0,0.0,0.0
In Stock,ACTIVE,1.072,3234.0,6.59,491.0,458.0,6.0,2.0,True,,4.7,747.0,6.59,,,3.0,Glad,,"B0CK8PGTHB (Glad - Plastic Forks, 70ct - Clear)",[],True,False,True,True,Disposable Tabletop,8822.0,B0CK8PGTHB,2025-05-13,,,,,
In Stock,ACTIVE,0.945,3057.0,6.59,464.0,491.0,6.0,2.0,True,,4.7,743.0,6.59,0.0125,1.0,1.0,Glad,0.74,"B0CK8PGTHB (Glad - Plastic Forks, 70ct - Clear)",[],True,False,True,True,Disposable Tabletop,9201.0,B0CK8PGTHB,2025-05-12,0.74,6.59,1.0,80.0,1.0
In Stock,ACTIVE,0.997,2313.0,6.59,351.0,352.0,6.0,2.0,True,,4.7,738.0,6.59,0.02258566978193146,0.7586206896551724,1.0,Glad,0.5737931034482758,"B0CK8PGTHB (Glad - Plastic Forks, 70ct - Clear)",[],True,False,True,True,Disposable Tabletop,9822.0,B0CK8PGTHB,2025-05-11,16.64,124.46,29.0,1284.0,22.0
In Stock,ACTIVE,1.01,1924.0,6.59,292.0,289.0,6.0,2.0,True,,4.7,734.0,6.59,0.0,,2.0,Glad,,"B0CK8PGTHB (Glad - Plastic Forks, 70ct - Clear)",[],True,False,True,True,Disposable Tabletop,8775.0,B0CK8PGTHB,2025-05-10,0.0,0.0,0.0,12.0,0.0
In Stock,ACTIVE,1.086,2240.0,6.59,340.0,313.0,6.0,2.0,True,,4.7,729.0,6.59,,,2.0,Glad,,"B0CK8PGTHB (Glad - Plastic Forks, 70ct - Clear)",[],True,False,True,True,Disposable Tabletop,8289.0,B0CK8PGTHB,2025-05-09,,,,,
In Stock,ACTIVE,1.042,2808.0,6.59,426.0,409.0,6.0,1.0,True,,4.7,725.0,6.59,,,4.0,Glad,,"B0CK8PGTHB (Glad - Plastic Forks, 70ct - Clear)",[],True,False,True,True,Disposable Tabletop,9495.0,B0CK8PGTHB,2025-05-08,,,,,
In Stock,FD,,,,,,5.0,0.0,True,,4.6,56.0,8.99,,,150.0,Glad for Kids (Disney),,"B0CKWHRLC8 (Glad- 12"" x 10"" Pan w/Lid -3CT-Princess)",[],True,False,True,True,Foils & Pans,,B0CKWHRLC8,2026-05-15,,,,,
In Stock,FD,,72.0,8.99,8.0,,5.0,0.0,True,,4.6,56.0,8.99,,,123.0,Glad for Kids (Disney),,"B0CKWHRLC8 (Glad- 12"" x 10"" Pan w/Lid -3CT-Princess)",[],True,False,True,True,Foils & Pans,,B0CKWHRLC8,2026-05-14,,,,,
In Stock,FD,,27.0,8.99,3.0,,5.0,0.0,True,,4.6,56.0,8.99,,,137.0,Glad for Kids (Disney),,"B0CKWHRLC8 (Glad- 12"" x 10"" Pan w/Lid -3CT-Princess)",[],True,False,True,True,Foils & Pans,,B0CKWHRLC8,2026-05-13,,,,,
In Stock,FD,,117.0,8.99,13.0,,5.0,0.0,True,,4.6,56.0,8.99,,,148.0,Glad for Kids (Disney),,"B0CKWHRLC8 (Glad- 12"" x 10"" Pan w/Lid -3CT-Princess)",[],True,False,True,True,Foils & Pans,,B0CKWHRLC8,2026-05-12,,,,,
In Stock,FD,0.143,81.0,8.99,9.0,63.0,5.0,0.0,True,,4.6,56.0,8.99,,,156.0,Glad for Kids (Disney),,"B0CKWHRLC8 (Glad- 12"" x 10"" Pan w/Lid -3CT-Princess)",[],True,False,True,True,Foils & Pans,252.0,B0CKWHRLC8,2026-05-11,,,,,
In Stock,FD,0.125,54.0,8.99,6.0,48.0,5.0,0.0,True,,4.6,56.0,8.99,,,133.0,Glad for Kids (Disney),,"B0CKWHRLC8 (Glad- 12"" x 10"" Pan w/Lid -3CT-Princess)",[],True,False,True,True,Foils & Pans,277.0,B0CKWHRLC8,2026-05-10,,,,,
In Stock,FD,0.2,90.0,8.99,10.0,50.0,5.0,0.0,True,,4.6,56.0,8.99,,,166.0,Glad for Kids (Disney),,"B0CKWHRLC8 (Glad- 12"" x 10"" Pan w/Lid -3CT-Princess)",[],True,False,True,True,Foils & Pans,260.0,B0CKWHRLC8,2026-05-08,,,,,
